
> @lottery/wa-worker@0.1.0 dev
> tsx watch src/index.ts

WhatsApp worker listening on Socket.IO port 3333
21:44:42 [tsx] change in ./..\..\packages\db\src\index.ts Restarting...
c21:44:47 [tsx] change in ./..\..\packages\db\src\index.ts Rerunning...
c21:45:59 [tsx] change in ./..\..\packages\core\src\domain.ts Rerunning...
c21:46:04 [tsx] change in ./..\..\packages\core\src\providers.ts Rerunning...
c21:46:15 [tsx] change in ./..\..\packages\core\src\repositories.ts Rerunning...
c21:46:34 [tsx] change in ./src\index.ts Restarting...
c22:00:39 [tsx] change in ./src\google\contacts-sync.ts Rerunning...
c22:01:00 [tsx] change in ./..\..\packages\core\src\repositories.ts Rerunning...
c22:01:12 [tsx] change in ./..\..\packages\core\src\repositories.ts Restarting...
c22:01:18 [tsx] change in ./src\services\campaign-service.ts Restarting...
c22:02:01 [tsx] unlink in ./src\providers\official-provider.ts Rerunning...
c22:02:05 [tsx] change in ./src\index.ts Rerunning...
c[tsx] change in ./src\index.ts Rerunning...
cWhatsApp worker listening on Socket.IO port 3333
22:00:39 [tsx] change in ./src\google\contacts-sync.ts Restarting...
c22:01:00 [tsx] change in ./..\..\packages\core\src\repositories.ts Restarting...
c22:01:12 [tsx] change in ./..\..\packages\core\src\repositories.ts Rerunning...
c22:01:18 [tsx] change in ./src\services\campaign-service.ts Rerunning...
c22:02:01 [tsx] unlink in ./src\providers\official-provider.ts Restarting...
c22:02:05 [tsx] change in ./src\index.ts Restarting...
c